越是不确定的东西, 越是要面对它, 是时候好好重新整理一下了
2026.06.22

在梳理完编译原理后火速开始开了个头, 之后开始着手研究
2026.06.25

基本理清了C的整个文件结构, 准备详细展开各部分
修正了相关结构的内容, 准备继续看看'头文件'
在莉莉科斯上面实践是发现了前面有关'方法签名'的一个重大误区, 已进行修正, 明天继续研究'头文件'
2026.06.26

尝试实践了头文件, 遇到了一些不解的问题, 正在尝试解决
基本理清了头文件中的所有问题, 动手实践出真知, 下一站是'宏定义'
2026.06.27

理清了基本宏定义相关的命令, 了解到了一种比较草台的'头文件检测法' XD
完成了部分内容的修剪, 明天继续整理
2026.06.29

基本上完成了宏定义的实现, 准备继续看看各种数据类型
2026.06.30

基本搞清楚了C中的各种基本数字类型 & 混合字符大小类型, 准备详细研究下char 和 printf
2026.07.01

研究了半天printf和char, 顺带好像大概搞明白了'指针'的实际定义
基本搞定了printf和char还有"字符串"的研究, 差点文字梳理, 明天继续看C中的变量和常量
2026.07.02

搞定了昨天留下来的小尾巴, 继续看看C中的变量变量和常量
在实践时又发现之前写错的一个地方, 进行了修正
基本搞明白了extern关键字和各数据类型的基本值
基本研究明白了常量, 明天继续研究存储类和运算符
2026.07.03

搞定了常量的小尾巴, 继续研究四大存储类
2026.07.04

在尝试研究C中的bitwise运算符, 发现C标准库中并没有内置'二进制显示'的相关工具, 搞了半天要自己实现 XD
简单的研究了下sizeof和数组, 发现有些'小巧思'的用法
尝试自己实现了一个二进制显示工具, 但是目前仅对'正数'有效, 想想负数怎么处理
测试时发现正数0,1,2的情况忘记考虑而来, 进行一个bug的修, 明天继续尝试修下'负数'的问题
2026.07.12

推了半天终于算是解决了'负数'二进制补位显示的问题, 这下算是对bitwise操作有了个深刻的影响了XD
简单的玩转了下各种算术运算符, 整理好了对应的内容, 再来看看各种'位运算符'
2026.07.13